2024-09-27 15:33:03 1984 was here